Archive member included to satisfy reference by file (symbol)

/usr/lib/gcc/arm-none-eabi/6.3.1/thumb/v7e-m/libgcc.a(_aeabi_uldivmod.o)
                              CMakeFiles/STM32.elf.dir/Drivers/STM32F4xx_HAL_Driver/Src/stm32f4xx_hal_rcc.c.obj (__aeabi_uldivmod)
/usr/lib/gcc/arm-none-eabi/6.3.1/thumb/v7e-m/libgcc.a(_udivmoddi4.o)
                              /usr/lib/gcc/arm-none-eabi/6.3.1/thumb/v7e-m/libgcc.a(_aeabi_uldivmod.o) (__udivmoddi4)
/usr/lib/gcc/arm-none-eabi/6.3.1/thumb/v7e-m/libgcc.a(unwind-arm.o)
                              CMakeFiles/STM32.elf.dir/Core/Src/main.cpp.obj (__aeabi_unwind_cpp_pr0)
/usr/lib/gcc/arm-none-eabi/6.3.1/thumb/v7e-m/libgcc.a(libunwind.o)
                              /usr/lib/gcc/arm-none-eabi/6.3.1/thumb/v7e-m/libgcc.a(unwind-arm.o) (restore_core_regs)
/usr/lib/gcc/arm-none-eabi/6.3.1/thumb/v7e-m/libgcc.a(pr-support.o)
                              /usr/lib/gcc/arm-none-eabi/6.3.1/thumb/v7e-m/libgcc.a(unwind-arm.o) (__gnu_unwind_execute)
/usr/lib/gcc/arm-none-eabi/6.3.1/thumb/v7e-m/libgcc.a(_dvmd_tls.o)
                              /usr/lib/gcc/arm-none-eabi/6.3.1/thumb/v7e-m/libgcc.a(_aeabi_uldivmod.o) (__aeabi_ldiv0)
/usr/lib/gcc/arm-none-eabi/6.3.1/../../../arm-none-eabi/lib/thumb/v7e-m/libg.a(lib_a-abort.o)
                              /usr/lib/gcc/arm-none-eabi/6.3.1/thumb/v7e-m/libgcc.a(unwind-arm.o) (abort)
/usr/lib/gcc/arm-none-eabi/6.3.1/../../../arm-none-eabi/lib/thumb/v7e-m/libg.a(lib_a-atexit.o)
                              /usr/lib/gcc/arm-none-eabi/6.3.1/../../../arm-none-eabi/lib/thumb/v7e-m/crt0.o (atexit)
/usr/lib/gcc/arm-none-eabi/6.3.1/../../../arm-none-eabi/lib/thumb/v7e-m/libg.a(lib_a-errno.o)
                              CMakeFiles/STM32.elf.dir/Core/Src/syscalls.c.obj (__errno)
/usr/lib/gcc/arm-none-eabi/6.3.1/../../../arm-none-eabi/lib/thumb/v7e-m/libg.a(lib_a-exit.o)
                              /usr/lib/gcc/arm-none-eabi/6.3.1/../../../arm-none-eabi/lib/thumb/v7e-m/crt0.o (exit)
/usr/lib/gcc/arm-none-eabi/6.3.1/../../../arm-none-eabi/lib/thumb/v7e-m/libg.a(lib_a-fini.o)
                              /usr/lib/gcc/arm-none-eabi/6.3.1/../../../arm-none-eabi/lib/thumb/v7e-m/crt0.o (__libc_fini_array)
/usr/lib/gcc/arm-none-eabi/6.3.1/../../../arm-none-eabi/lib/thumb/v7e-m/libg.a(lib_a-impure.o)
                              /usr/lib/gcc/arm-none-eabi/6.3.1/../../../arm-none-eabi/lib/thumb/v7e-m/libg.a(lib_a-exit.o) (_global_impure_ptr)
/usr/lib/gcc/arm-none-eabi/6.3.1/../../../arm-none-eabi/lib/thumb/v7e-m/libg.a(lib_a-init.o)
                              /usr/lib/gcc/arm-none-eabi/6.3.1/../../../arm-none-eabi/lib/thumb/v7e-m/crt0.o (__libc_init_array)
/usr/lib/gcc/arm-none-eabi/6.3.1/../../../arm-none-eabi/lib/thumb/v7e-m/libg.a(lib_a-memcpy.o)
                              /usr/lib/gcc/arm-none-eabi/6.3.1/thumb/v7e-m/libgcc.a(unwind-arm.o) (memcpy)
/usr/lib/gcc/arm-none-eabi/6.3.1/../../../arm-none-eabi/lib/thumb/v7e-m/libg.a(lib_a-memset.o)
                              /usr/lib/gcc/arm-none-eabi/6.3.1/../../../arm-none-eabi/lib/thumb/v7e-m/crt0.o (memset)
/usr/lib/gcc/arm-none-eabi/6.3.1/../../../arm-none-eabi/lib/thumb/v7e-m/libg.a(lib_a-signal.o)
                              /usr/lib/gcc/arm-none-eabi/6.3.1/../../../arm-none-eabi/lib/thumb/v7e-m/libg.a(lib_a-abort.o) (raise)
/usr/lib/gcc/arm-none-eabi/6.3.1/../../../arm-none-eabi/lib/thumb/v7e-m/libg.a(lib_a-signalr.o)
                              /usr/lib/gcc/arm-none-eabi/6.3.1/../../../arm-none-eabi/lib/thumb/v7e-m/libg.a(lib_a-signal.o) (_kill_r)
/usr/lib/gcc/arm-none-eabi/6.3.1/../../../arm-none-eabi/lib/thumb/v7e-m/libg.a(lib_a-__atexit.o)
                              /usr/lib/gcc/arm-none-eabi/6.3.1/../../../arm-none-eabi/lib/thumb/v7e-m/libg.a(lib_a-atexit.o) (__register_exitproc)
/usr/lib/gcc/arm-none-eabi/6.3.1/../../../arm-none-eabi/lib/thumb/v7e-m/libg.a(lib_a-__call_atexit.o)
                              /usr/lib/gcc/arm-none-eabi/6.3.1/../../../arm-none-eabi/lib/thumb/v7e-m/libg.a(lib_a-exit.o) (__call_exitprocs)
/usr/lib/gcc/arm-none-eabi/6.3.1/../../../arm-none-eabi/lib/thumb/v7e-m/libg.a(lib_a-mallocr.o)
                              /usr/lib/gcc/arm-none-eabi/6.3.1/../../../arm-none-eabi/lib/thumb/v7e-m/libg.a(lib_a-signal.o) (_malloc_r)
/usr/lib/gcc/arm-none-eabi/6.3.1/../../../arm-none-eabi/lib/thumb/v7e-m/libg.a(lib_a-mlock.o)
                              /usr/lib/gcc/arm-none-eabi/6.3.1/../../../arm-none-eabi/lib/thumb/v7e-m/libg.a(lib_a-mallocr.o) (__malloc_lock)
/usr/lib/gcc/arm-none-eabi/6.3.1/../../../arm-none-eabi/lib/thumb/v7e-m/libg.a(lib_a-reent.o)
                              /usr/lib/gcc/arm-none-eabi/6.3.1/../../../arm-none-eabi/lib/thumb/v7e-m/libg.a(lib_a-signalr.o) (errno)
/usr/lib/gcc/arm-none-eabi/6.3.1/../../../arm-none-eabi/lib/thumb/v7e-m/libg.a(lib_a-sbrkr.o)
                              /usr/lib/gcc/arm-none-eabi/6.3.1/../../../arm-none-eabi/lib/thumb/v7e-m/libg.a(lib_a-mallocr.o) (_sbrk_r)
[...]
Memory Configuration

Name             Origin             Length             Attributes
RAM              0x0000000020000000 0x0000000000020000 xrw
FLASH            0x0000000008000000 0x0000000000080000 xr
*default*        0x0000000000000000 0xffffffffffffffff

Linker script and memory map

LOAD /usr/lib/gcc/arm-none-eabi/6.3.1/thumb/v7e-m/crti.o
LOAD /usr/lib/gcc/arm-none-eabi/6.3.1/thumb/v7e-m/crtbegin.o
LOAD /usr/lib/gcc/arm-none-eabi/6.3.1/../../../arm-none-eabi/lib/thumb/v7e-m/crt0.o
LOAD CMakeFiles/STM32.elf.dir/Core/Src/gpio.c.obj
LOAD CMakeFiles/STM32.elf.dir/Core/Src/main.cpp.obj
LOAD CMakeFiles/STM32.elf.dir/Core/Src/stm32f4xx_hal_msp.c.obj
LOAD CMakeFiles/STM32.elf.dir/Core/Src/stm32f4xx_it.c.obj
LOAD CMakeFiles/STM32.elf.dir/Core/Src/syscalls.c.obj
LOAD CMakeFiles/STM32.elf.dir/Core/Src/sysmem.c.obj
LOAD CMakeFiles/STM32.elf.dir/Core/Src/system_stm32f4xx.c.obj
LOAD CMakeFiles/STM32.elf.dir/Core/Src/tim.c.obj
LOAD CMakeFiles/STM32.elf.dir/Core/Src/usart.c.obj
LOAD CMakeFiles/STM32.elf.dir/Core/Startup/startup_stm32f446retx.s.obj
LOAD CMakeFiles/STM32.elf.dir/Drivers/STM32F4xx_HAL_Driver/Src/stm32f4xx_hal.c.obj
LOAD CMakeFiles/STM32.elf.dir/Drivers/STM32F4xx_HAL_Driver/Src/stm32f4xx_hal_cortex.c.obj
LOAD CMakeFiles/STM32.elf.dir/Drivers/STM32F4xx_HAL_Driver/Src/stm32f4xx_hal_dma.c.obj
LOAD CMakeFiles/STM32.elf.dir/Drivers/STM32F4xx_HAL_Driver/Src/stm32f4xx_hal_dma_ex.c.obj
LOAD CMakeFiles/STM32.elf.dir/Drivers/STM32F4xx_HAL_Driver/Src/stm32f4xx_hal_exti.c.obj
LOAD CMakeFiles/STM32.elf.dir/Drivers/STM32F4xx_HAL_Driver/Src/stm32f4xx_hal_flash.c.obj
LOAD CMakeFiles/STM32.elf.dir/Drivers/STM32F4xx_HAL_Driver/Src/stm32f4xx_hal_flash_ex.c.obj
LOAD CMakeFiles/STM32.elf.dir/Drivers/STM32F4xx_HAL_Driver/Src/stm32f4xx_hal_flash_ramfunc.c.obj
LOAD CMakeFiles/STM32.elf.dir/Drivers/STM32F4xx_HAL_Driver/Src/stm32f4xx_hal_gpio.c.obj
LOAD CMakeFiles/STM32.elf.dir/Drivers/STM32F4xx_HAL_Driver/Src/stm32f4xx_hal_pwr.c.obj
LOAD CMakeFiles/STM32.elf.dir/Drivers/STM32F4xx_HAL_Driver/Src/stm32f4xx_hal_pwr_ex.c.obj
LOAD CMakeFiles/STM32.elf.dir/Drivers/STM32F4xx_HAL_Driver/Src/stm32f4xx_hal_rcc.c.obj
LOAD CMakeFiles/STM32.elf.dir/Drivers/STM32F4xx_HAL_Driver/Src/stm32f4xx_hal_rcc_ex.c.obj
LOAD CMakeFiles/STM32.elf.dir/Drivers/STM32F4xx_HAL_Driver/Src/stm32f4xx_hal_tim.c.obj
LOAD CMakeFiles/STM32.elf.dir/Drivers/STM32F4xx_HAL_Driver/Src/stm32f4xx_hal_tim_ex.c.obj
LOAD CMakeFiles/STM32.elf.dir/Drivers/STM32F4xx_HAL_Driver/Src/stm32f4xx_hal_uart.c.obj
LOAD /usr/lib/gcc/arm-none-eabi/6.3.1/../../../arm-none-eabi/lib/thumb/v7e-m/libstdc++.a
LOAD /usr/lib/gcc/arm-none-eabi/6.3.1/../../../arm-none-eabi/lib/thumb/v7e-m/libm.a
START GROUP
LOAD /usr/lib/gcc/arm-none-eabi/6.3.1/thumb/v7e-m/libgcc.a
LOAD /usr/lib/gcc/arm-none-eabi/6.3.1/../../../arm-none-eabi/lib/thumb/v7e-m/libg.a
LOAD /usr/lib/gcc/arm-none-eabi/6.3.1/../../../arm-none-eabi/lib/thumb/v7e-m/libc.a
END GROUP
LOAD /usr/lib/gcc/arm-none-eabi/6.3.1/thumb/v7e-m/crtend.o
LOAD /usr/lib/gcc/arm-none-eabi/6.3.1/thumb/v7e-m/crtn.o
                0x0000000020020000                _estack = (ORIGIN (RAM) + LENGTH (RAM))
                0x0000000000000200                _Min_Heap_Size = 0x200
                0x0000000000000400                _Min_Stack_Size = 0x400

.isr_vector     0x0000000008000000      0x1c4
                0x0000000008000000                . = ALIGN (0x4)
 *(.isr_vector)
 .isr_vector    0x0000000008000000      0x1c4 CMakeFiles/STM32.elf.dir/Core/Startup/startup_stm32f446retx.s.obj
                0x0000000008000000                g_pfnVectors
                0x00000000080001c4                . = ALIGN (0x4)

.text           0x00000000080001c4     0x380c
                0x00000000080001c4                . = ALIGN (0x4)
 *(.text)
 .text          0x00000000080001c4       0xa4 /usr/lib/gcc/arm-none-eabi/6.3.1/thumb/v7e-m/crtbegin.o
 .text          0x0000000008000268       0x30 /usr/lib/gcc/arm-none-eabi/6.3.1/thumb/v7e-m/libgcc.a(_aeabi_uldivmod.o)
                0x0000000008000268                __aeabi_uldivmod
 .text          0x0000000008000298      0x2dc /usr/lib/gcc/arm-none-eabi/6.3.1/thumb/v7e-m/libgcc.a(_udivmoddi4.o)
                0x0000000008000298                __udivmoddi4
 .text          0x0000000008000574      0x9cc /usr/lib/gcc/arm-none-eabi/6.3.1/thumb/v7e-m/libgcc.a(unwind-arm.o)
                0x0000000008000834                _Unwind_GetCFA
                0x0000000008000838                __gnu_Unwind_RaiseException
                0x0000000008000898                __gnu_Unwind_ForcedUnwind
                0x00000000080008ac                __gnu_Unwind_Resume
                0x00000000080008f0                __gnu_Unwind_Resume_or_Rethrow
                0x0000000008000900                _Unwind_Complete
                0x0000000008000904                _Unwind_DeleteException
                0x0000000008000910                _Unwind_VRS_Get
                0x000000000800095c                _Unwind_VRS_Set
                0x00000000080009ac                __gnu_Unwind_Backtrace
                0x0000000008000cec                __aeabi_unwind_cpp_pr0
                0x0000000008000cf0                __aeabi_unwind_cpp_pr1
                0x0000000008000cf4                __aeabi_unwind_cpp_pr2
                0x0000000008000cf8                _Unwind_VRS_Pop
 .text          0x0000000008000f40      0x1ac /usr/lib/gcc/arm-none-eabi/6.3.1/thumb/v7e-m/libgcc.a(libunwind.o)
                0x0000000008000f40                __restore_core_regs
                0x0000000008000f40                restore_core_regs
                0x0000000008000f58                __gnu_Unwind_Restore_VFP
                0x0000000008000f60                __gnu_Unwind_Save_VFP
                0x0000000008000f68                __gnu_Unwind_Restore_VFP_D
                0x0000000008000f70                __gnu_Unwind_Save_VFP_D
                0x0000000008000f78                __gnu_Unwind_Restore_VFP_D_16_to_31
                0x0000000008000f80                __gnu_Unwind_Save_VFP_D_16_to_31
                0x0000000008000f88                __gnu_Unwind_Restore_WMMXD
                0x0000000008000fcc                __gnu_Unwind_Save_WMMXD
                0x0000000008001010                __gnu_Unwind_Restore_WMMXC
                0x0000000008001024                __gnu_Unwind_Save_WMMXC
                0x0000000008001038                ___Unwind_RaiseException
                0x0000000008001038                _Unwind_RaiseException
                0x000000000800105c                ___Unwind_Resume
                0x000000000800105c                _Unwind_Resume
                0x0000000008001080                _Unwind_Resume_or_Rethrow
                0x0000000008001080                ___Unwind_Resume_or_Rethrow
                0x00000000080010a4                ___Unwind_ForcedUnwind
                0x00000000080010a4                _Unwind_ForcedUnwind
                0x00000000080010c8                _Unwind_Backtrace
                0x00000000080010c8                ___Unwind_Backtrace
 .text          0x00000000080010ec      0x380 /usr/lib/gcc/arm-none-eabi/6.3.1/thumb/v7e-m/libgcc.a(pr-support.o)
                0x0000000008001144                __gnu_unwind_execute
                0x0000000008001414                __gnu_unwind_frame
                0x000000000800143c                _Unwind_GetRegionStart
                0x0000000008001448                _Unwind_GetLanguageSpecificData
                0x000000000800145c                _Unwind_GetTextRelBase
                0x0000000008001464                _Unwind_GetDataRelBase
 .text          0x000000000800146c        0x4 /usr/lib/gcc/arm-none-eabi/6.3.1/thumb/v7e-m/libgcc.a(_dvmd_tls.o)
                0x000000000800146c                __aeabi_ldiv0
                0x000000000800146c                __aeabi_idiv0
 .text          0x0000000008001470       0x10 /usr/lib/gcc/arm-none-eabi/6.3.1/../../../arm-none-eabi/lib/thumb/v7e-m/libg.a(lib_a-abort.o)
                0x0000000008001470                abort
 .text          0x0000000008001480        0xc /usr/lib/gcc/arm-none-eabi/6.3.1/../../../arm-none-eabi/lib/thumb/v7e-m/libg.a(lib_a-atexit.o)
                0x0000000008001480                atexit
 .text          0x000000000800148c        0xc /usr/lib/gcc/arm-none-eabi/6.3.1/../../../arm-none-eabi/lib/thumb/v7e-m/libg.a(lib_a-errno.o)
                0x000000000800148c                __errno
 .text          0x0000000008001498       0x34 /usr/lib/gcc/arm-none-eabi/6.3.1/../../../arm-none-eabi/lib/thumb/v7e-m/libg.a(lib_a-fini.o)
                0x0000000008001498                __libc_fini_array
 .text          0x00000000080014cc       0x50 /usr/lib/gcc/arm-none-eabi/6.3.1/../../../arm-none-eabi/lib/thumb/v7e-m/libg.a(lib_a-init.o)
                0x00000000080014cc                __libc_init_array
 .text          0x000000000800151c      0x134 /usr/lib/gcc/arm-none-eabi/6.3.1/../../../arm-none-eabi/lib/thumb/v7e-m/libg.a(lib_a-memcpy.o)
                0x000000000800151c                memcpy
 .text          0x0000000008001650       0x9c /usr/lib/gcc/arm-none-eabi/6.3.1/../../../arm-none-eabi/lib/thumb/v7e-m/libg.a(lib_a-memset.o)
                0x0000000008001650                memset
 .text          0x00000000080016ec      0x178 /usr/lib/gcc/arm-none-eabi/6.3.1/../../../arm-none-eabi/lib/thumb/v7e-m/libg.a(lib_a-signal.o)
                0x0000000008001714                _init_signal_r
                0x0000000008001720                _signal_r
                0x0000000008001764                _raise_r
                0x00000000080017c4                __sigtramp_r
                0x0000000008001820                raise
                0x0000000008001830                signal
                0x0000000008001840                _init_signal
                0x0000000008001854                __sigtramp
 .text          0x0000000008001864       0x2c /usr/lib/gcc/arm-none-eabi/6.3.1/../../../arm-none-eabi/lib/thumb/v7e-m/libg.a(lib_a-signalr.o)
                0x0000000008001864                _kill_r
                0x000000000800188c                _getpid_r
 .text          0x0000000008001890       0xa4 /usr/lib/gcc/arm-none-eabi/6.3.1/../../../arm-none-eabi/lib/thumb/v7e-m/libg.a(lib_a-__atexit.o)
                0x0000000008001890                __register_exitproc
 .text          0x0000000008001934      0x554 /usr/lib/gcc/arm-none-eabi/6.3.1/../../../arm-none-eabi/lib/thumb/v7e-m/libg.a(lib_a-mallocr.o)
                0x0000000008001934                _malloc_r
 .text          0x0000000008001e88        0x8 /usr/lib/gcc/arm-none-eabi/6.3.1/../../../arm-none-eabi/lib/thumb/v7e-m/libg.a(lib_a-mlock.o)
                0x0000000008001e88                __malloc_lock
                0x0000000008001e8c                __malloc_unlock
 .text          0x0000000008001e90       0x24 /usr/lib/gcc/arm-none-eabi/6.3.1/../../../arm-none-eabi/lib/thumb/v7e-m/libg.a(lib_a-sbrkr.o)
                0x0000000008001e90                _sbrk_r
 .text          0x0000000008001eb4      0x26c /usr/lib/gcc/arm-none-eabi/6.3.1/../../../arm-none-eabi/lib/thumb/v7e-m/libg.a(lib_a-freer.o)
                0x0000000008001eb4                _malloc_trim_r
                0x0000000008001f54                _free_r
 *(.text*)
 .text.MX_GPIO_Init
                0x0000000008002120       0xcc CMakeFiles/STM32.elf.dir/Core/Src/gpio.c.obj
                0x0000000008002120                MX_GPIO_Init
 .text.Error_Handler
                0x00000000080021ec        0x4 CMakeFiles/STM32.elf.dir/Core/Src/main.cpp.obj
                0x00000000080021ec                Error_Handler
 .text._Z18SystemClock_Configv
                0x00000000080021f0       0xb0 CMakeFiles/STM32.elf.dir/Core/Src/main.cpp.obj
                0x00000000080021f0                SystemClock_Config()
 .text.main     0x00000000080022a0       0x44 CMakeFiles/STM32.elf.dir/Core/Src/main.cpp.obj
                0x00000000080022a0                main
 .text.HAL_MspInit
                0x00000000080022e4       0x40 CMakeFiles/STM32.elf.dir/Core/Src/stm32f4xx_hal_msp.c.obj
                0x00000000080022e4                HAL_MspInit
 .text.NMI_Handler
                0x0000000008002324        0x2 CMakeFiles/STM32.elf.dir/Core/Src/stm32f4xx_it.c.obj
                0x0000000008002324                NMI_Handler
 .text.HardFault_Handler
                0x0000000008002326        0x2 CMakeFiles/STM32.elf.dir/Core/Src/stm32f4xx_it.c.obj
                0x0000000008002326                HardFault_Handler
 .text.MemManage_Handler
                0x0000000008002328        0x2 CMakeFiles/STM32.elf.dir/Core/Src/stm32f4xx_it.c.obj
                0x0000000008002328                MemManage_Handler
 .text.BusFault_Handler
                0x000000000800232a        0x2 CMakeFiles/STM32.elf.dir/Core/Src/stm32f4xx_it.c.obj
                0x000000000800232a                BusFault_Handler
 .text.UsageFault_Handler
                0x000000000800232c        0x2 CMakeFiles/STM32.elf.dir/Core/Src/stm32f4xx_it.c.obj
                0x000000000800232c                UsageFault_Handler
 .text.SVC_Handler
                0x000000000800232e        0x2 CMakeFiles/STM32.elf.dir/Core/Src/stm32f4xx_it.c.obj
                0x000000000800232e                SVC_Handler
 .text.DebugMon_Handler
                0x0000000008002330        0x2 CMakeFiles/STM32.elf.dir/Core/Src/stm32f4xx_it.c.obj
                0x0000000008002330                DebugMon_Handler
 .text.PendSV_Handler
                0x0000000008002332        0x2 CMakeFiles/STM32.elf.dir/Core/Src/stm32f4xx_it.c.obj
                0x0000000008002332                PendSV_Handler
 .text.SysTick_Handler
                0x0000000008002334        0x8 CMakeFiles/STM32.elf.dir/Core/Src/stm32f4xx_it.c.obj
                0x0000000008002334                SysTick_Handler
 .text._getpid  0x000000000800233c        0x4 CMakeFiles/STM32.elf.dir/Core/Src/syscalls.c.obj
                0x000000000800233c                _getpid
 .text._kill    0x0000000008002340       0x10 CMakeFiles/STM32.elf.dir/Core/Src/syscalls.c.obj
                0x0000000008002340                _kill
 .text._exit    0x0000000008002350        0xc CMakeFiles/STM32.elf.dir/Core/Src/syscalls.c.obj
                0x0000000008002350                _exit
 .text._sbrk    0x000000000800235c       0x48 CMakeFiles/STM32.elf.dir/Core/Src/sysmem.c.obj
                0x000000000800235c                _sbrk
 .text.SystemInit
                0x00000000080023a4       0x10 CMakeFiles/STM32.elf.dir/Core/Src/system_stm32f4xx.c.obj
                0x00000000080023a4                SystemInit
 .text.MX_TIM2_Init
                0x00000000080023b4       0x58 CMakeFiles/STM32.elf.dir/Core/Src/tim.c.obj
                0x00000000080023b4                MX_TIM2_Init
 .text.HAL_TIM_PWM_MspInit
                0x000000000800240c       0x30 CMakeFiles/STM32.elf.dir/Core/Src/tim.c.obj
                0x000000000800240c                HAL_TIM_PWM_MspInit
 .text.HAL_TIMEx_HallSensor_MspInit
                0x000000000800243c       0x94 CMakeFiles/STM32.elf.dir/Core/Src/tim.c.obj
                0x000000000800243c                HAL_TIMEx_HallSensor_MspInit
 .text.HAL_TIM_MspPostInit
                0x00000000080024d0       0x5c CMakeFiles/STM32.elf.dir/Core/Src/tim.c.obj
                0x00000000080024d0                HAL_TIM_MspPostInit
 .text.MX_TIM1_Init
                0x000000000800252c       0xdc CMakeFiles/STM32.elf.dir/Core/Src/tim.c.obj
                0x000000000800252c                MX_TIM1_Init
 .text.MX_USART2_UART_Init
                0x0000000008002608       0x34 CMakeFiles/STM32.elf.dir/Core/Src/usart.c.obj
                0x0000000008002608                MX_USART2_UART_Init
 .text.HAL_UART_MspInit
                0x000000000800263c       0x70 CMakeFiles/STM32.elf.dir/Core/Src/usart.c.obj
                0x000000000800263c                HAL_UART_MspInit
 .text.Reset_Handler
                0x00000000080026ac       0x50 CMakeFiles/STM32.elf.dir/Core/Startup/startup_stm32f446retx.s.obj
                0x00000000080026ac                Reset_Handler
 .text.Default_Handler
                0x00000000080026fc        0x2 CMakeFiles/STM32.elf.dir/Core/Startup/startup_stm32f446retx.s.obj
                0x00000000080026fc                RTC_Alarm_IRQHandler
                0x00000000080026fc                EXTI2_IRQHandler
                0x00000000080026fc                TIM8_CC_IRQHandler
                0x00000000080026fc                FMPI2C1_EV_IRQHandler
                0x00000000080026fc                SPI4_IRQHandler
                0x00000000080026fc                TIM1_CC_IRQHandler
                0x00000000080026fc                DMA2_Stream5_IRQHandler
                0x00000000080026fc                DMA1_Stream5_IRQHandler
                0x00000000080026fc                PVD_IRQHandler
                0x00000000080026fc                SDIO_IRQHandler
                0x00000000080026fc                TAMP_STAMP_IRQHandler
                0x00000000080026fc                CAN2_RX1_IRQHandler
                0x00000000080026fc                EXTI3_IRQHandler
                0x00000000080026fc                TIM8_TRG_COM_TIM14_IRQHandler
                0x00000000080026fc                TIM1_UP_TIM10_IRQHandler
                0x00000000080026fc                TIM8_UP_TIM13_IRQHandler
                0x00000000080026fc                I2C3_ER_IRQHandler
                0x00000000080026fc                EXTI0_IRQHandler
                0x00000000080026fc                I2C2_EV_IRQHandler
                0x00000000080026fc                DMA1_Stream2_IRQHandler
                0x00000000080026fc                CAN1_RX0_IRQHandler
                0x00000000080026fc                FPU_IRQHandler
                0x00000000080026fc                OTG_HS_WKUP_IRQHandler
                0x00000000080026fc                CAN2_SCE_IRQHandler
                0x00000000080026fc                DMA2_Stream2_IRQHandler
                0x00000000080026fc                SPI1_IRQHandler
                0x00000000080026fc                TIM6_DAC_IRQHandler
                0x00000000080026fc                TIM1_BRK_TIM9_IRQHandler
                0x00000000080026fc                DCMI_IRQHandler
                0x00000000080026fc                CAN2_RX0_IRQHandler
                0x00000000080026fc                DMA2_Stream3_IRQHandler
                0x00000000080026fc                SAI2_IRQHandler
                0x00000000080026fc                USART6_IRQHandler
                0x00000000080026fc                USART3_IRQHandler
                0x00000000080026fc                CAN1_RX1_IRQHandler
                0x00000000080026fc                UART5_IRQHandler
                0x00000000080026fc                DMA2_Stream0_IRQHandler
                0x00000000080026fc                TIM4_IRQHandler
                0x00000000080026fc                QUADSPI_IRQHandler
                0x00000000080026fc                I2C1_EV_IRQHandler
                0x00000000080026fc                DMA1_Stream6_IRQHandler
                0x00000000080026fc                DMA1_Stream1_IRQHandler
                0x00000000080026fc                UART4_IRQHandler
                0x00000000080026fc                TIM3_IRQHandler
                0x00000000080026fc                RCC_IRQHandler
                0x00000000080026fc                TIM8_BRK_TIM12_IRQHandler
                0x00000000080026fc                Default_Handler
                0x00000000080026fc                CEC_IRQHandler
                0x00000000080026fc                EXTI15_10_IRQHandler
                0x00000000080026fc                ADC_IRQHandler
                0x00000000080026fc                DMA1_Stream7_IRQHandler
                0x00000000080026fc                TIM7_IRQHandler
                0x00000000080026fc                CAN2_TX_IRQHandler
                0x00000000080026fc                TIM5_IRQHandler
                0x00000000080026fc                DMA2_Stream7_IRQHandler
                0x00000000080026fc                I2C3_EV_IRQHandler
                0x00000000080026fc                EXTI9_5_IRQHandler
                0x00000000080026fc                RTC_WKUP_IRQHandler
                0x00000000080026fc                SPDIF_RX_IRQHandler
                0x00000000080026fc                SPI2_IRQHandler
                0x00000000080026fc                OTG_HS_EP1_IN_IRQHandler
                0x00000000080026fc                DMA1_Stream0_IRQHandler
                0x00000000080026fc                CAN1_TX_IRQHandler
                0x00000000080026fc                FMPI2C1_ER_IRQHandler
                0x00000000080026fc                EXTI4_IRQHandler
                0x00000000080026fc                OTG_HS_EP1_OUT_IRQHandler
                0x00000000080026fc                WWDG_IRQHandler
                0x00000000080026fc                TIM2_IRQHandler
                0x00000000080026fc                OTG_FS_WKUP_IRQHandler
                0x00000000080026fc                TIM1_TRG_COM_TIM11_IRQHandler
                0x00000000080026fc                OTG_HS_IRQHandler
                0x00000000080026fc                EXTI1_IRQHandler
                0x00000000080026fc                USART2_IRQHandler
                0x00000000080026fc                I2C2_ER_IRQHandler
                0x00000000080026fc                DMA2_Stream1_IRQHandler
                0x00000000080026fc                CAN1_SCE_IRQHandler
                0x00000000080026fc                FLASH_IRQHandler
                0x00000000080026fc                DMA2_Stream4_IRQHandler
                0x00000000080026fc                USART1_IRQHandler
                0x00000000080026fc                OTG_FS_IRQHandler
                0x00000000080026fc                SPI3_IRQHandler
                0x00000000080026fc                DMA1_Stream4_IRQHandler
                0x00000000080026fc                I2C1_ER_IRQHandler
                0x00000000080026fc                FMC_IRQHandler
                0x00000000080026fc                DMA2_Stream6_IRQHandler
                0x00000000080026fc                SAI1_IRQHandler
                0x00000000080026fc                DMA1_Stream3_IRQHandler
 *fill*         0x00000000080026fe        0x2 
 .text.HAL_InitTick
                0x0000000008002700       0x4c CMakeFiles/STM32.elf.dir/Drivers/STM32F4xx_HAL_Driver/Src/stm32f4xx_hal.c.obj
                0x0000000008002700                HAL_InitTick
 .text.HAL_Init
                0x000000000800274c       0x34 CMakeFiles/STM32.elf.dir/Drivers/STM32F4xx_HAL_Driver/Src/stm32f4xx_hal.c.obj
                0x000000000800274c                HAL_Init
 .text.HAL_IncTick
                0x0000000008002780       0x18 CMakeFiles/STM32.elf.dir/Drivers/STM32F4xx_HAL_Driver/Src/stm32f4xx_hal.c.obj
                0x0000000008002780                HAL_IncTick
 .text.HAL_GetTick
                0x0000000008002798        0xc CMakeFiles/STM32.elf.dir/Drivers/STM32F4xx_HAL_Driver/Src/stm32f4xx_hal.c.obj
                0x0000000008002798                HAL_GetTick
 .text.HAL_NVIC_SetPriorityGrouping
                0x00000000080027a4       0x24 CMakeFiles/STM32.elf.dir/Drivers/STM32F4xx_HAL_Driver/Src/stm32f4xx_hal_cortex.c.obj
                0x00000000080027a4                HAL_NVIC_SetPriorityGrouping
 .text.HAL_NVIC_SetPriority
                0x00000000080027c8       0x64 CMakeFiles/STM32.elf.dir/Drivers/STM32F4xx_HAL_Driver/Src/stm32f4xx_hal_cortex.c.obj
                0x00000000080027c8                HAL_NVIC_SetPriority
 .text.HAL_SYSTICK_Config
                0x000000000800282c       0x2c CMakeFiles/STM32.elf.dir/Drivers/STM32F4xx_HAL_Driver/Src/stm32f4xx_hal_cortex.c.obj
                0x000000000800282c                HAL_SYSTICK_Config
 .text.HAL_GPIO_Init
                0x0000000008002858      0x1d4 CMakeFiles/STM32.elf.dir/Drivers/STM32F4xx_HAL_Driver/Src/stm32f4xx_hal_gpio.c.obj
                0x0000000008002858                HAL_GPIO_Init
 .text.HAL_GPIO_ReadPin
                0x0000000008002a2c        0xe CMakeFiles/STM32.elf.dir/Drivers/STM32F4xx_HAL_Driver/Src/stm32f4xx_hal_gpio.c.obj
                0x0000000008002a2c                HAL_GPIO_ReadPin
 .text.HAL_GPIO_WritePin
                0x0000000008002a3a        0xc CMakeFiles/STM32.elf.dir/Drivers/STM32F4xx_HAL_Driver/Src/stm32f4xx_hal_gpio.c.obj
                0x0000000008002a3a                HAL_GPIO_WritePin
 *fill*         0x0000000008002a46        0x2 
 .text.HAL_PWREx_EnableOverDrive
                0x0000000008002a48       0x80 CMakeFiles/STM32.elf.dir/Drivers/STM32F4xx_HAL_Driver/Src/stm32f4xx_hal_pwr_ex.c.obj
                0x0000000008002a48                HAL_PWREx_EnableOverDrive
 .text.HAL_RCC_ClockConfig
                0x0000000008002ac8      0x160 CMakeFiles/STM32.elf.dir/Drivers/STM32F4xx_HAL_Driver/Src/stm32f4xx_hal_rcc.c.obj
                0x0000000008002ac8                HAL_RCC_ClockConfig
 .text.HAL_RCC_GetHCLKFreq
                0x0000000008002c28        0xc CMakeFiles/STM32.elf.dir/Drivers/STM32F4xx_HAL_Driver/Src/stm32f4xx_hal_rcc.c.obj
                0x0000000008002c28                HAL_RCC_GetHCLKFreq
 .text.HAL_RCC_GetPCLK1Freq
                0x0000000008002c34       0x20 CMakeFiles/STM32.elf.dir/Drivers/STM32F4xx_HAL_Driver/Src/stm32f4xx_hal_rcc.c.obj
                0x0000000008002c34                HAL_RCC_GetPCLK1Freq
 .text.HAL_RCC_GetPCLK2Freq
                0x0000000008002c54       0x20 CMakeFiles/STM32.elf.dir/Drivers/STM32F4xx_HAL_Driver/Src/stm32f4xx_hal_rcc.c.obj
                0x0000000008002c54                HAL_RCC_GetPCLK2Freq
 .text.HAL_RCC_GetSysClockFreq
                0x0000000008002c74      0x180 CMakeFiles/STM32.elf.dir/Drivers/STM32F4xx_HAL_Driver/Src/stm32f4xx_hal_rcc_ex.c.obj
                0x0000000008002c74                HAL_RCC_GetSysClockFreq
 .text.HAL_RCC_OscConfig
                0x0000000008002df4      0x3c4 CMakeFiles/STM32.elf.dir/Drivers/STM32F4xx_HAL_Driver/Src/stm32f4xx_hal_rcc_ex.c.obj
                0x0000000008002df4                HAL_RCC_OscConfig
 .text.TIM_OC1_SetConfig
                0x00000000080031b8       0x6c CMakeFiles/STM32.elf.dir/Drivers/STM32F4xx_HAL_Driver/Src/stm32f4xx_hal_tim.c.obj
 .text.TIM_OC3_SetConfig
                0x0000000008003224       0x74 CMakeFiles/STM32.elf.dir/Drivers/STM32F4xx_HAL_Driver/Src/stm32f4xx_hal_tim.c.obj
 .text.TIM_OC4_SetConfig
                0x0000000008003298       0x50 CMakeFiles/STM32.elf.dir/Drivers/STM32F4xx_HAL_Driver/Src/stm32f4xx_hal_tim.c.obj
 .text.TIM_Base_SetConfig
                0x00000000080032e8       0xcc CMakeFiles/STM32.elf.dir/Drivers/STM32F4xx_HAL_Driver/Src/stm32f4xx_hal_tim.c.obj
                0x00000000080032e8                TIM_Base_SetConfig
 .text.HAL_TIM_PWM_Init
                0x00000000080033b4       0x32 CMakeFiles/STM32.elf.dir/Drivers/STM32F4xx_HAL_Driver/Src/stm32f4xx_hal_tim.c.obj
                0x00000000080033b4                HAL_TIM_PWM_Init
 *fill*         0x00000000080033e6        0x2 
 .text.TIM_OC2_SetConfig
                0x00000000080033e8       0x74 CMakeFiles/STM32.elf.dir/Drivers/STM32F4xx_HAL_Driver/Src/stm32f4xx_hal_tim.c.obj
                0x00000000080033e8                TIM_OC2_SetConfig
 .text.HAL_TIM_PWM_ConfigChannel
                0x000000000800345c       0xdc CMakeFiles/STM32.elf.dir/Drivers/STM32F4xx_HAL_Driver/Src/stm32f4xx_hal_tim.c.obj
                0x000000000800345c                HAL_TIM_PWM_ConfigChannel
 .text.TIM_TI1_SetConfig
                0x0000000008003538       0x9c CMakeFiles/STM32.elf.dir/Drivers/STM32F4xx_HAL_Driver/Src/stm32f4xx_hal_tim.c.obj
                0x0000000008003538                TIM_TI1_SetConfig
 .text.HAL_TIMEx_HallSensor_Init
                0x00000000080035d4       0xbe CMakeFiles/STM32.elf.dir/Drivers/STM32F4xx_HAL_Driver/Src/stm32f4xx_hal_tim_ex.c.obj
                0x00000000080035d4                HAL_TIMEx_HallSensor_Init
 *fill*         0x0000000008003692        0x2 
 .text.HAL_TIMEx_MasterConfigSynchronization
                0x0000000008003694       0x88 CMakeFiles/STM32.elf.dir/Drivers/STM32F4xx_HAL_Driver/Src/stm32f4xx_hal_tim_ex.c.obj
                0x0000000008003694                HAL_TIMEx_MasterConfigSynchronization
 .text.HAL_TIMEx_ConfigBreakDeadTime
                0x000000000800371c       0x52 CMakeFiles/STM32.elf.dir/Drivers/STM32F4xx_HAL_Driver/Src/stm32f4xx_hal_tim_ex.c.obj
                0x000000000800371c                HAL_TIMEx_ConfigBreakDeadTime
 *fill*         0x000000000800376e        0x2 
 .text.UART_SetConfig
                0x0000000008003770      0x1d4 CMakeFiles/STM32.elf.dir/Drivers/STM32F4xx_HAL_Driver/Src/stm32f4xx_hal_uart.c.obj
 .text.HAL_UART_Init
                0x0000000008003944       0x5e CMakeFiles/STM32.elf.dir/Drivers/STM32F4xx_HAL_Driver/Src/stm32f4xx_hal_uart.c.obj
                0x0000000008003944                HAL_UART_Init
 *fill*         0x00000000080039a2        0x2 
 .text.startup  0x00000000080039a4       0x14 /usr/lib/gcc/arm-none-eabi/6.3.1/../../../arm-none-eabi/lib/thumb/v7e-m/libg.a(lib_a-__call_atexit.o)
 *(.glue_7)
 .glue_7        0x00000000080039b8        0x0 linker stubs
 *(.glue_7t)
 .glue_7t       0x00000000080039b8        0x0 linker stubs
 *(.eh_frame)
 .eh_frame      0x00000000080039b8        0x0 /usr/lib/gcc/arm-none-eabi/6.3.1/thumb/v7e-m/crtbegin.o
 *(.init)
 .init          0x00000000080039b8        0x4 /usr/lib/gcc/arm-none-eabi/6.3.1/thumb/v7e-m/crti.o
                0x00000000080039b8                _init
 .init          0x00000000080039bc        0x8 /usr/lib/gcc/arm-none-eabi/6.3.1/thumb/v7e-m/crtn.o
 *(.fini)
 .fini          0x00000000080039c4        0x4 /usr/lib/gcc/arm-none-eabi/6.3.1/thumb/v7e-m/crti.o
                0x00000000080039c4                _fini
 .fini          0x00000000080039c8        0x8 /usr/lib/gcc/arm-none-eabi/6.3.1/thumb/v7e-m/crtn.o
                0x00000000080039d0                . = ALIGN (0x4)
                0x00000000080039d0                _etext = .

.vfp11_veneer   0x00000000080039d0        0x0
 .vfp11_veneer  0x00000000080039d0        0x0 linker stubs

.v4_bx          0x00000000080039d0        0x0
 .v4_bx         0x00000000080039d0        0x0 linker stubs

.iplt           0x00000000080039d0        0x0
 .iplt          0x00000000080039d0        0x0 /usr/lib/gcc/arm-none-eabi/6.3.1/thumb/v7e-m/crtbegin.o

.rodata         0x00000000080039d0       0x20
                0x00000000080039d0                . = ALIGN (0x4)
 *(.rodata)
 .rodata        0x00000000080039d0        0x4 /usr/lib/gcc/arm-none-eabi/6.3.1/../../../arm-none-eabi/lib/thumb/v7e-m/libg.a(lib_a-impure.o)
                0x00000000080039d0                _global_impure_ptr
 *(.rodata*)
 .rodata.AHBPrescTable
                0x00000000080039d4       0x10 CMakeFiles/STM32.elf.dir/Core/Src/system_stm32f4xx.c.obj
                0x00000000080039d4                AHBPrescTable
 .rodata.APBPrescTable
                0x00000000080039e4        0x8 CMakeFiles/STM32.elf.dir/Core/Src/system_stm32f4xx.c.obj
                0x00000000080039e4                APBPrescTable
 .rodata.str1.4
                0x00000000080039ec        0x4 /usr/lib/gcc/arm-none-eabi/6.3.1/../../../arm-none-eabi/lib/thumb/v7e-m/libg.a(lib_a-impure.o)
                                          0x2 (size before relaxing)
                0x00000000080039f0                . = ALIGN (0x4)

.ARM.extab      0x00000000080039f0       0x18
                0x00000000080039f0                . = ALIGN (0x4)
 *(.ARM.extab* .gnu.linkonce.armextab.*)
 .ARM.extab     0x00000000080039f0       0x18 /usr/lib/gcc/arm-none-eabi/6.3.1/thumb/v7e-m/libgcc.a(pr-support.o)
                0x0000000008003a08                . = ALIGN (0x4)

.ARM            0x0000000008003a08       0xd0
                0x0000000008003a08                . = ALIGN (0x4)
                0x0000000008003a08                __exidx_start = .
 *(.ARM.exidx*)
 .ARM.exidx.text.Error_Handler
                0x0000000008003ac0        0x0 CMakeFiles/STM32.elf.dir/Core/Src/main.cpp.obj
                                          0x8 (size before relaxing)
 .ARM.exidx.text._Z18SystemClock_Configv
                0x0000000008003ac0        0x8 CMakeFiles/STM32.elf.dir/Core/Src/main.cpp.obj
 .ARM.exidx.text.main
                0x0000000008003ac8       0x10 CMakeFiles/STM32.elf.dir/Core/Src/main.cpp.obj
                                          0x8 (size before relaxing)
 .ARM.exidx     0x0000000008003a08        0x8 /usr/lib/gcc/arm-none-eabi/6.3.1/thumb/v7e-m/libgcc.a(_udivmoddi4.o)
 .ARM.exidx     0x0000000008003a10       0x78 /usr/lib/gcc/arm-none-eabi/6.3.1/thumb/v7e-m/libgcc.a(unwind-arm.o)
                                         0xd8 (size before relaxing)
 .ARM.exidx     0x0000000008003a88       0x38 /usr/lib/gcc/arm-none-eabi/6.3.1/thumb/v7e-m/libgcc.a(pr-support.o)
                                         0x48 (size before relaxing)
                0x0000000008003ad8                __exidx_end = .
                0x0000000008003ad8                . = ALIGN (0x4)

.rel.dyn        0x0000000008003ad8        0x0
 .rel.iplt      0x0000000008003ad8        0x0 /usr/lib/gcc/arm-none-eabi/6.3.1/thumb/v7e-m/crtbegin.o

.preinit_array  0x0000000008003ad8        0x0
                0x0000000008003ad8                . = ALIGN (0x4)
                0x0000000008003ad8                PROVIDE (__preinit_array_start, .)
 *(.preinit_array*)
                0x0000000008003ad8                PROVIDE (__preinit_array_end, .)
                0x0000000008003ad8                . = ALIGN (0x4)

.init_array     0x0000000008003ad8        0x8
                0x0000000008003ad8                . = ALIGN (0x4)
                0x0000000008003ad8                PROVIDE (__init_array_start, .)
 *(SORT(.init_array.*))
 .init_array.00000
                0x0000000008003ad8        0x4 /usr/lib/gcc/arm-none-eabi/6.3.1/../../../arm-none-eabi/lib/thumb/v7e-m/libg.a(lib_a-__call_atexit.o)
 *(.init_array*)
 .init_array    0x0000000008003adc        0x4 /usr/lib/gcc/arm-none-eabi/6.3.1/thumb/v7e-m/crtbegin.o
                0x0000000008003ae0                PROVIDE (__init_array_end, .)
                0x0000000008003ae0                . = ALIGN (0x4)

.fini_array     0x0000000008003ae0        0x4
                0x0000000008003ae0                . = ALIGN (0x4)
                0x0000000008003ae0                PROVIDE (__fini_array_start, .)
 *(SORT(.fini_array.*))
 *(.fini_array*)
 .fini_array    0x0000000008003ae0        0x4 /usr/lib/gcc/arm-none-eabi/6.3.1/thumb/v7e-m/crtbegin.o
                0x0000000008003ae4                PROVIDE (__fini_array_end, .)
                0x0000000008003ae4                . = ALIGN (0x4)
                0x0000000008003ae4                _sidata = LOADADDR (.data)

.data           0x0000000020000000      0x84c load address 0x0000000008003ae4
                0x0000000020000000                . = ALIGN (0x4)
                0x0000000020000000                _sdata = .
 *(.data)
 .data          0x0000000020000000      0x430 /usr/lib/gcc/arm-none-eabi/6.3.1/../../../arm-none-eabi/lib/thumb/v7e-m/libg.a(lib_a-impure.o)
                0x0000000020000000                _impure_ptr
 .data          0x0000000020000430      0x410 /usr/lib/gcc/arm-none-eabi/6.3.1/../../../arm-none-eabi/lib/thumb/v7e-m/libg.a(lib_a-mallocr.o)
                0x0000000020000430                __malloc_av_
                0x0000000020000838                __malloc_sbrk_base
                0x000000002000083c                __malloc_trim_threshold
 *(.data*)
 .data.SystemCoreClock
                0x0000000020000840        0x4 CMakeFiles/STM32.elf.dir/Core/Src/system_stm32f4xx.c.obj
                0x0000000020000840                SystemCoreClock
 .data.uwTickFreq
                0x0000000020000844        0x1 CMakeFiles/STM32.elf.dir/Drivers/STM32F4xx_HAL_Driver/Src/stm32f4xx_hal.c.obj
                0x0000000020000844                uwTickFreq
 *fill*         0x0000000020000845        0x3 
 .data.uwTickPrio
                0x0000000020000848        0x4 CMakeFiles/STM32.elf.dir/Drivers/STM32F4xx_HAL_Driver/Src/stm32f4xx_hal.c.obj
                0x0000000020000848                uwTickPrio
                0x000000002000084c                . = ALIGN (0x4)
                0x000000002000084c                _edata = .

.jcr            0x000000002000084c        0x0 load address 0x0000000008004330
 .jcr           0x000000002000084c        0x0 /usr/lib/gcc/arm-none-eabi/6.3.1/thumb/v7e-m/crtbegin.o

.tm_clone_table
                0x000000002000084c        0x0 load address 0x0000000008004330
 .tm_clone_table
                0x000000002000084c        0x0 /usr/lib/gcc/arm-none-eabi/6.3.1/thumb/v7e-m/crtbegin.o
 .tm_clone_table
                0x000000002000084c        0x0 /usr/lib/gcc/arm-none-eabi/6.3.1/thumb/v7e-m/crtend.o

.igot.plt       0x000000002000084c        0x0 load address 0x0000000008004330
 .igot.plt      0x000000002000084c        0x0 /usr/lib/gcc/arm-none-eabi/6.3.1/thumb/v7e-m/crtbegin.o
                0x000000002000084c                . = ALIGN (0x4)

.bss            0x000000002000084c      0x11c load address 0x0000000008004330
                0x000000002000084c                _sbss = .
                0x000000002000084c                __bss_start__ = _sbss
 *(.bss)
 .bss           0x000000002000084c       0x1c /usr/lib/gcc/arm-none-eabi/6.3.1/thumb/v7e-m/crtbegin.o
 .bss           0x0000000020000868       0x34 /usr/lib/gcc/arm-none-eabi/6.3.1/../../../arm-none-eabi/lib/thumb/v7e-m/libg.a(lib_a-mallocr.o)
                0x0000000020000868                __malloc_top_pad
                0x000000002000086c                __malloc_current_mallinfo
                0x0000000020000894                __malloc_max_sbrked_mem
                0x0000000020000898                __malloc_max_total_mem
 *(.bss*)
 .bss.__sbrk_heap_end
                0x000000002000089c        0x4 CMakeFiles/STM32.elf.dir/Core/Src/sysmem.c.obj
 .bss.htim1     0x00000000200008a0       0x40 CMakeFiles/STM32.elf.dir/Core/Src/tim.c.obj
                0x00000000200008a0                htim1
 .bss.htim2     0x00000000200008e0       0x40 CMakeFiles/STM32.elf.dir/Core/Src/tim.c.obj
                0x00000000200008e0                htim2
 .bss.huart2    0x0000000020000920       0x40 CMakeFiles/STM32.elf.dir/Core/Src/usart.c.obj
                0x0000000020000920                huart2
 .bss.uwTick    0x0000000020000960        0x4 CMakeFiles/STM32.elf.dir/Drivers/STM32F4xx_HAL_Driver/Src/stm32f4xx_hal.c.obj
                0x0000000020000960                uwTick
 *(COMMON)
 COMMON         0x0000000020000964        0x4 /usr/lib/gcc/arm-none-eabi/6.3.1/../../../arm-none-eabi/lib/thumb/v7e-m/libg.a(lib_a-reent.o)
                0x0000000020000964                errno
                0x0000000020000968                . = ALIGN (0x4)
                0x0000000020000968                _ebss = .
                0x0000000020000968                __bss_end__ = _ebss

._user_heap_stack
                0x0000000020000968      0x600 load address 0x0000000008004330
                0x0000000020000968                . = ALIGN (0x8)
                [!provide]                        PROVIDE (end, .)
                0x0000000020000968                PROVIDE (_end, .)
                0x0000000020000b68                . = (. + _Min_Heap_Size)
 *fill*         0x0000000020000968      0x200 
                0x0000000020000f68                . = (. + _Min_Stack_Size)
 *fill*         0x0000000020000b68      0x400 
                0x0000000020000f68                . = ALIGN (0x8)

/DISCARD/
 libc.a(*)
 libm.a(*)
 libgcc.a(*)

.ARM.attributes
                0x0000000000000000       0x2a
 *(.ARM.attributes)
 .ARM.attributes
                0x0000000000000000       0x1e /usr/lib/gcc/arm-none-eabi/6.3.1/thumb/v7e-m/crti.o
 .ARM.attributes
                0x000000000000001e       0x2e /usr/lib/gcc/arm-none-eabi/6.3.1/thumb/v7e-m/crtbegin.o
 .ARM.attributes
                0x000000000000004c       0x33 CMakeFiles/STM32.elf.dir/Core/Src/gpio.c.obj
 .ARM.attributes
                0x000000000000007f       0x33 CMakeFiles/STM32.elf.dir/Core/Src/main.cpp.obj
 .ARM.attributes
                0x00000000000000b2       0x33 CMakeFiles/STM32.elf.dir/Core/Src/stm32f4xx_hal_msp.c.obj
 .ARM.attributes
                0x00000000000000e5       0x33 CMakeFiles/STM32.elf.dir/Core/Src/stm32f4xx_it.c.obj
 .ARM.attributes
                0x0000000000000118       0x33 CMakeFiles/STM32.elf.dir/Core/Src/system_stm32f4xx.c.obj
 .ARM.attributes
                0x000000000000014b       0x33 CMakeFiles/STM32.elf.dir/Core/Src/tim.c.obj
 .ARM.attributes
                0x000000000000017e       0x33 CMakeFiles/STM32.elf.dir/Core/Src/usart.c.obj
 .ARM.attributes
                0x00000000000001b1       0x21 CMakeFiles/STM32.elf.dir/Core/Startup/startup_stm32f446retx.s.obj
 .ARM.attributes
                0x00000000000001d2       0x33 CMakeFiles/STM32.elf.dir/Drivers/STM32F4xx_HAL_Driver/Src/stm32f4xx_hal.c.obj
 .ARM.attributes
                0x0000000000000205       0x33 CMakeFiles/STM32.elf.dir/Drivers/STM32F4xx_HAL_Driver/Src/stm32f4xx_hal_cortex.c.obj
 .ARM.attributes
                0x0000000000000238       0x33 CMakeFiles/STM32.elf.dir/Drivers/STM32F4xx_HAL_Driver/Src/stm32f4xx_hal_gpio.c.obj
 .ARM.attributes
                0x000000000000026b       0x33 CMakeFiles/STM32.elf.dir/Drivers/STM32F4xx_HAL_Driver/Src/stm32f4xx_hal_pwr_ex.c.obj
 .ARM.attributes
                0x000000000000029e       0x33 CMakeFiles/STM32.elf.dir/Drivers/STM32F4xx_HAL_Driver/Src/stm32f4xx_hal_rcc.c.obj
 .ARM.attributes
                0x00000000000002d1       0x33 CMakeFiles/STM32.elf.dir/Drivers/STM32F4xx_HAL_Driver/Src/stm32f4xx_hal_rcc_ex.c.obj
 .ARM.attributes
                0x0000000000000304       0x33 CMakeFiles/STM32.elf.dir/Drivers/STM32F4xx_HAL_Driver/Src/stm32f4xx_hal_tim.c.obj
 .ARM.attributes
                0x0000000000000337       0x33 CMakeFiles/STM32.elf.dir/Drivers/STM32F4xx_HAL_Driver/Src/stm32f4xx_hal_tim_ex.c.obj
 .ARM.attributes
                0x000000000000036a       0x33 CMakeFiles/STM32.elf.dir/Drivers/STM32F4xx_HAL_Driver/Src/stm32f4xx_hal_uart.c.obj
 .ARM.attributes
                0x000000000000039d       0x1e /usr/lib/gcc/arm-none-eabi/6.3.1/thumb/v7e-m/libgcc.a(_aeabi_uldivmod.o)
 .ARM.attributes
                0x00000000000003bb       0x2e /usr/lib/gcc/arm-none-eabi/6.3.1/thumb/v7e-m/libgcc.a(_udivmoddi4.o)
 .ARM.attributes
                0x00000000000003e9       0x1e /usr/lib/gcc/arm-none-eabi/6.3.1/thumb/v7e-m/libgcc.a(_dvmd_tls.o)
 .ARM.attributes
                0x0000000000000407       0x2e /usr/lib/gcc/arm-none-eabi/6.3.1/../../../arm-none-eabi/lib/thumb/v7e-m/libg.a(lib_a-atexit.o)
 .ARM.attributes
                0x0000000000000435       0x2e /usr/lib/gcc/arm-none-eabi/6.3.1/../../../arm-none-eabi/lib/thumb/v7e-m/libg.a(lib_a-fini.o)
 .ARM.attributes
                0x0000000000000463       0x2e /usr/lib/gcc/arm-none-eabi/6.3.1/../../../arm-none-eabi/lib/thumb/v7e-m/libg.a(lib_a-impure.o)
 .ARM.attributes
                0x0000000000000491       0x2e /usr/lib/gcc/arm-none-eabi/6.3.1/../../../arm-none-eabi/lib/thumb/v7e-m/libg.a(lib_a-init.o)
 .ARM.attributes
                0x00000000000004bf       0x2e /usr/lib/gcc/arm-none-eabi/6.3.1/../../../arm-none-eabi/lib/thumb/v7e-m/libg.a(lib_a-memset.o)
 .ARM.attributes
                0x00000000000004ed       0x2e /usr/lib/gcc/arm-none-eabi/6.3.1/../../../arm-none-eabi/lib/thumb/v7e-m/libg.a(lib_a-__atexit.o)
 .ARM.attributes
                0x000000000000051b       0x2e /usr/lib/gcc/arm-none-eabi/6.3.1/../../../arm-none-eabi/lib/thumb/v7e-m/libg.a(lib_a-__call_atexit.o)
 .ARM.attributes
                0x0000000000000549       0x2e /usr/lib/gcc/arm-none-eabi/6.3.1/thumb/v7e-m/crtend.o
 .ARM.attributes
                0x0000000000000577       0x1e /usr/lib/gcc/arm-none-eabi/6.3.1/thumb/v7e-m/crtn.o
OUTPUT(STM32.elf elf32-littlearm)

.comment        0x0000000000000000       0x31
 .comment       0x0000000000000000       0x31 /usr/lib/gcc/arm-none-eabi/6.3.1/thumb/v7e-m/crtbegin.o
                                         0x32 (size before relaxing)
 .comment       0x0000000000000031       0x32 CMakeFiles/STM32.elf.dir/Core/Src/gpio.c.obj
 .comment       0x0000000000000031       0x32 CMakeFiles/STM32.elf.dir/Core/Src/main.cpp.obj
 .comment       0x0000000000000031       0x32 CMakeFiles/STM32.elf.dir/Core/Src/stm32f4xx_hal_msp.c.obj
 .comment       0x0000000000000031       0x32 CMakeFiles/STM32.elf.dir/Core/Src/stm32f4xx_it.c.obj
 .comment       0x0000000000000031       0x32 CMakeFiles/STM32.elf.dir/Core/Src/system_stm32f4xx.c.obj
 .comment       0x0000000000000031       0x32 CMakeFiles/STM32.elf.dir/Core/Src/tim.c.obj
 .comment       0x0000000000000031       0x32 CMakeFiles/STM32.elf.dir/Core/Src/usart.c.obj
 .comment       0x0000000000000031       0x32 CMakeFiles/STM32.elf.dir/Drivers/STM32F4xx_HAL_Driver/Src/stm32f4xx_hal.c.obj
 .comment       0x0000000000000031       0x32 CMakeFiles/STM32.elf.dir/Drivers/STM32F4xx_HAL_Driver/Src/stm32f4xx_hal_cortex.c.obj
 .comment       0x0000000000000031       0x32 CMakeFiles/STM32.elf.dir/Drivers/STM32F4xx_HAL_Driver/Src/stm32f4xx_hal_gpio.c.obj
 .comment       0x0000000000000031       0x32 CMakeFiles/STM32.elf.dir/Drivers/STM32F4xx_HAL_Driver/Src/stm32f4xx_hal_pwr_ex.c.obj
 .comment       0x0000000000000031       0x32 CMakeFiles/STM32.elf.dir/Drivers/STM32F4xx_HAL_Driver/Src/stm32f4xx_hal_rcc.c.obj
 .comment       0x0000000000000031       0x32 CMakeFiles/STM32.elf.dir/Drivers/STM32F4xx_HAL_Driver/Src/stm32f4xx_hal_rcc_ex.c.obj
 .comment       0x0000000000000031       0x32 CMakeFiles/STM32.elf.dir/Drivers/STM32F4xx_HAL_Driver/Src/stm32f4xx_hal_tim.c.obj
 .comment       0x0000000000000031       0x32 CMakeFiles/STM32.elf.dir/Drivers/STM32F4xx_HAL_Driver/Src/stm32f4xx_hal_tim_ex.c.obj
 .comment       0x0000000000000031       0x32 CMakeFiles/STM32.elf.dir/Drivers/STM32F4xx_HAL_Driver/Src/stm32f4xx_hal_uart.c.obj
 .comment       0x0000000000000031       0x32 /usr/lib/gcc/arm-none-eabi/6.3.1/thumb/v7e-m/libgcc.a(_udivmoddi4.o)
 .comment       0x0000000000000031       0x32 /usr/lib/gcc/arm-none-eabi/6.3.1/../../../arm-none-eabi/lib/thumb/v7e-m/libg.a(lib_a-atexit.o)
 .comment       0x0000000000000031       0x32 /usr/lib/gcc/arm-none-eabi/6.3.1/../../../arm-none-eabi/lib/thumb/v7e-m/libg.a(lib_a-fini.o)
 .comment       0x0000000000000031       0x32 /usr/lib/gcc/arm-none-eabi/6.3.1/../../../arm-none-eabi/lib/thumb/v7e-m/libg.a(lib_a-impure.o)
 .comment       0x0000000000000031       0x32 /usr/lib/gcc/arm-none-eabi/6.3.1/../../../arm-none-eabi/lib/thumb/v7e-m/libg.a(lib_a-init.o)
 .comment       0x0000000000000031       0x32 /usr/lib/gcc/arm-none-eabi/6.3.1/../../../arm-none-eabi/lib/thumb/v7e-m/libg.a(lib_a-memset.o)
 .comment       0x0000000000000031       0x32 /usr/lib/gcc/arm-none-eabi/6.3.1/../../../arm-none-eabi/lib/thumb/v7e-m/libg.a(lib_a-__atexit.o)
 .comment       0x0000000000000031       0x32 /usr/lib/gcc/arm-none-eabi/6.3.1/../../../arm-none-eabi/lib/thumb/v7e-m/libg.a(lib_a-__call_atexit.o)
 .comment       0x0000000000000031       0x32 /usr/lib/gcc/arm-none-eabi/6.3.1/thumb/v7e-m/crtend.o

.debug_info     0x0000000000000000    0x115f3
 .debug_info    0x0000000000000000      0x5a2 CMakeFiles/STM32.elf.dir/Core/Src/gpio.c.obj
 .debug_info    0x00000000000005a2      0xef3 CMakeFiles/STM32.elf.dir/Core/Src/main.cpp.obj
 .debug_info    0x0000000000001495      0x3b7 CMakeFiles/STM32.elf.dir/Core/Src/stm32f4xx_hal_msp.c.obj
 .debug_info    0x000000000000184c      0x221 CMakeFiles/STM32.elf.dir/Core/Src/stm32f4xx_it.c.obj
 .debug_info    0x0000000000001a6d      0x58b CMakeFiles/STM32.elf.dir/Core/Src/system_stm32f4xx.c.obj
 .debug_info    0x0000000000001ff8      0xef1 CMakeFiles/STM32.elf.dir/Core/Src/tim.c.obj
 .debug_info    0x0000000000002ee9      0xa01 CMakeFiles/STM32.elf.dir/Core/Src/usart.c.obj
 .debug_info    0x00000000000038ea       0xad CMakeFiles/STM32.elf.dir/Core/Startup/startup_stm32f446retx.s.obj
 .debug_info    0x0000000000003997      0xa3e CMakeFiles/STM32.elf.dir/Drivers/STM32F4xx_HAL_Driver/Src/stm32f4xx_hal.c.obj
 .debug_info    0x00000000000043d5      0xfa6 CMakeFiles/STM32.elf.dir/Drivers/STM32F4xx_HAL_Driver/Src/stm32f4xx_hal_cortex.c.obj
 .debug_info    0x000000000000537b      0x80b CMakeFiles/STM32.elf.dir/Drivers/STM32F4xx_HAL_Driver/Src/stm32f4xx_hal_gpio.c.obj
 .debug_info    0x0000000000005b86      0x820 CMakeFiles/STM32.elf.dir/Drivers/STM32F4xx_HAL_Driver/Src/stm32f4xx_hal_pwr_ex.c.obj
 .debug_info    0x00000000000063a6      0xacf CMakeFiles/STM32.elf.dir/Drivers/STM32F4xx_HAL_Driver/Src/stm32f4xx_hal_rcc.c.obj
 .debug_info    0x0000000000006e75      0xc35 CMakeFiles/STM32.elf.dir/Drivers/STM32F4xx_HAL_Driver/Src/stm32f4xx_hal_rcc_ex.c.obj
 .debug_info    0x0000000000007aaa     0x31d2 CMakeFiles/STM32.elf.dir/Drivers/STM32F4xx_HAL_Driver/Src/stm32f4xx_hal_tim.c.obj
 .debug_info    0x000000000000ac7c     0x14e3 CMakeFiles/STM32.elf.dir/Drivers/STM32F4xx_HAL_Driver/Src/stm32f4xx_hal_tim_ex.c.obj
 .debug_info    0x000000000000c15f     0x1717 CMakeFiles/STM32.elf.dir/Drivers/STM32F4xx_HAL_Driver/Src/stm32f4xx_hal_uart.c.obj
 .debug_info    0x000000000000d876       0xbc /usr/lib/gcc/arm-none-eabi/6.3.1/thumb/v7e-m/libgcc.a(_aeabi_uldivmod.o)
 .debug_info    0x000000000000d932      0xc24 /usr/lib/gcc/arm-none-eabi/6.3.1/thumb/v7e-m/libgcc.a(_udivmoddi4.o)
 .debug_info    0x000000000000e556       0xc0 /usr/lib/gcc/arm-none-eabi/6.3.1/thumb/v7e-m/libgcc.a(_dvmd_tls.o)
 .debug_info    0x000000000000e616      0x907 /usr/lib/gcc/arm-none-eabi/6.3.1/../../../arm-none-eabi/lib/thumb/v7e-m/libg.a(lib_a-atexit.o)
 .debug_info    0x000000000000ef1d       0xfa /usr/lib/gcc/arm-none-eabi/6.3.1/../../../arm-none-eabi/lib/thumb/v7e-m/libg.a(lib_a-fini.o)
 .debug_info    0x000000000000f017      0x8a5 /usr/lib/gcc/arm-none-eabi/6.3.1/../../../arm-none-eabi/lib/thumb/v7e-m/libg.a(lib_a-impure.o)
 .debug_info    0x000000000000f8bc      0x110 /usr/lib/gcc/arm-none-eabi/6.3.1/../../../arm-none-eabi/lib/thumb/v7e-m/libg.a(lib_a-init.o)
 .debug_info    0x000000000000f9cc      0x91b /usr/lib/gcc/arm-none-eabi/6.3.1/../../../arm-none-eabi/lib/thumb/v7e-m/libg.a(lib_a-memset.o)
 .debug_info    0x00000000000102e7      0x950 /usr/lib/gcc/arm-none-eabi/6.3.1/../../../arm-none-eabi/lib/thumb/v7e-m/libg.a(lib_a-__atexit.o)
 .debug_info    0x0000000000010c37      0x9bc /usr/lib/gcc/arm-none-eabi/6.3.1/../../../arm-none-eabi/lib/thumb/v7e-m/libg.a(lib_a-__call_atexit.o)

.debug_abbrev   0x0000000000000000     0x2b66
 .debug_abbrev  0x0000000000000000      0x15b CMakeFiles/STM32.elf.dir/Core/Src/gpio.c.obj
 .debug_abbrev  0x000000000000015b      0x237 CMakeFiles/STM32.elf.dir/Core/Src/main.cpp.obj
 .debug_abbrev  0x0000000000000392      0x123 CMakeFiles/STM32.elf.dir/Core/Src/stm32f4xx_hal_msp.c.obj
 .debug_abbrev  0x00000000000004b5       0xdd CMakeFiles/STM32.elf.dir/Core/Src/stm32f4xx_it.c.obj
 .debug_abbrev  0x0000000000000592      0x124 CMakeFiles/STM32.elf.dir/Core/Src/system_stm32f4xx.c.obj
 .debug_abbrev  0x00000000000006b6      0x1f6 CMakeFiles/STM32.elf.dir/Core/Src/tim.c.obj
 .debug_abbrev  0x00000000000008ac      0x1c2 CMakeFiles/STM32.elf.dir/Core/Src/usart.c.obj
 .debug_abbrev  0x0000000000000a6e       0x12 CMakeFiles/STM32.elf.dir/Core/Startup/startup_stm32f446retx.s.obj
 .debug_abbrev  0x0000000000000a80      0x1e6 CMakeFiles/STM32.elf.dir/Drivers/STM32F4xx_HAL_Driver/Src/stm32f4xx_hal.c.obj
 .debug_abbrev  0x0000000000000c66      0x321 CMakeFiles/STM32.elf.dir/Drivers/STM32F4xx_HAL_Driver/Src/stm32f4xx_hal_cortex.c.obj
 .debug_abbrev  0x0000000000000f87      0x1e0 CMakeFiles/STM32.elf.dir/Drivers/STM32F4xx_HAL_Driver/Src/stm32f4xx_hal_gpio.c.obj
 .debug_abbrev  0x0000000000001167      0x1b5 CMakeFiles/STM32.elf.dir/Drivers/STM32F4xx_HAL_Driver/Src/stm32f4xx_hal_pwr_ex.c.obj
 .debug_abbrev  0x000000000000131c      0x26c CMakeFiles/STM32.elf.dir/Drivers/STM32F4xx_HAL_Driver/Src/stm32f4xx_hal_rcc.c.obj
 .debug_abbrev  0x0000000000001588      0x20b CMakeFiles/STM32.elf.dir/Drivers/STM32F4xx_HAL_Driver/Src/stm32f4xx_hal_rcc_ex.c.obj
 .debug_abbrev  0x0000000000001793      0x21d CMakeFiles/STM32.elf.dir/Drivers/STM32F4xx_HAL_Driver/Src/stm32f4xx_hal_tim.c.obj
 .debug_abbrev  0x00000000000019b0      0x22e CMakeFiles/STM32.elf.dir/Drivers/STM32F4xx_HAL_Driver/Src/stm32f4xx_hal_tim_ex.c.obj
 .debug_abbrev  0x0000000000001bde      0x281 CMakeFiles/STM32.elf.dir/Drivers/STM32F4xx_HAL_Driver/Src/stm32f4xx_hal_uart.c.obj
 .debug_abbrev  0x0000000000001e5f       0x14 /usr/lib/gcc/arm-none-eabi/6.3.1/thumb/v7e-m/libgcc.a(_aeabi_uldivmod.o)
 .debug_abbrev  0x0000000000001e73      0x18c /usr/lib/gcc/arm-none-eabi/6.3.1/thumb/v7e-m/libgcc.a(_udivmoddi4.o)
 .debug_abbrev  0x0000000000001fff       0x14 /usr/lib/gcc/arm-none-eabi/6.3.1/thumb/v7e-m/libgcc.a(_dvmd_tls.o)
 .debug_abbrev  0x0000000000002013      0x1f6 /usr/lib/gcc/arm-none-eabi/6.3.1/../../../arm-none-eabi/lib/thumb/v7e-m/libg.a(lib_a-atexit.o)
 .debug_abbrev  0x0000000000002209       0xbd /usr/lib/gcc/arm-none-eabi/6.3.1/../../../arm-none-eabi/lib/thumb/v7e-m/libg.a(lib_a-fini.o)
 .debug_abbrev  0x00000000000022c6      0x189 /usr/lib/gcc/arm-none-eabi/6.3.1/../../../arm-none-eabi/lib/thumb/v7e-m/libg.a(lib_a-impure.o)
 .debug_abbrev  0x000000000000244f       0xba /usr/lib/gcc/arm-none-eabi/6.3.1/../../../arm-none-eabi/lib/thumb/v7e-m/libg.a(lib_a-init.o)
 .debug_abbrev  0x0000000000002509      0x1cd /usr/lib/gcc/arm-none-eabi/6.3.1/../../../arm-none-eabi/lib/thumb/v7e-m/libg.a(lib_a-memset.o)
 .debug_abbrev  0x00000000000026d6      0x220 /usr/lib/gcc/arm-none-eabi/6.3.1/../../../arm-none-eabi/lib/thumb/v7e-m/libg.a(lib_a-__atexit.o)
 .debug_abbrev  0x00000000000028f6      0x270 /usr/lib/gcc/arm-none-eabi/6.3.1/../../../arm-none-eabi/lib/thumb/v7e-m/libg.a(lib_a-__call_atexit.o)

.debug_aranges  0x0000000000000000      0xcf8
 .debug_aranges
                0x0000000000000000       0x20 CMakeFiles/STM32.elf.dir/Core/Src/gpio.c.obj
 .debug_aranges
                0x0000000000000020       0x30 CMakeFiles/STM32.elf.dir/Core/Src/main.cpp.obj
 .debug_aranges
                0x0000000000000050       0x20 CMakeFiles/STM32.elf.dir/Core/Src/stm32f4xx_hal_msp.c.obj
 .debug_aranges
                0x0000000000000070       0x60 CMakeFiles/STM32.elf.dir/Core/Src/stm32f4xx_it.c.obj
 .debug_aranges
                0x00000000000000d0       0x28 CMakeFiles/STM32.elf.dir/Core/Src/system_stm32f4xx.c.obj
 .debug_aranges
                0x00000000000000f8       0x50 CMakeFiles/STM32.elf.dir/Core/Src/tim.c.obj
 .debug_aranges
                0x0000000000000148       0x30 CMakeFiles/STM32.elf.dir/Core/Src/usart.c.obj
 .debug_aranges
                0x0000000000000178       0x28 CMakeFiles/STM32.elf.dir/Core/Startup/startup_stm32f446retx.s.obj
 .debug_aranges
                0x00000000000001a0       0xf0 CMakeFiles/STM32.elf.dir/Drivers/STM32F4xx_HAL_Driver/Src/stm32f4xx_hal.c.obj
 .debug_aranges
                0x0000000000000290       0xa8 CMakeFiles/STM32.elf.dir/Drivers/STM32F4xx_HAL_Driver/Src/stm32f4xx_hal_cortex.c.obj
 .debug_aranges
                0x0000000000000338       0x58 CMakeFiles/STM32.elf.dir/Drivers/STM32F4xx_HAL_Driver/Src/stm32f4xx_hal_gpio.c.obj
 .debug_aranges
                0x0000000000000390       0x60 CMakeFiles/STM32.elf.dir/Drivers/STM32F4xx_HAL_Driver/Src/stm32f4xx_hal_pwr_ex.c.obj
 .debug_aranges
                0x00000000000003f0       0x88 CMakeFiles/STM32.elf.dir/Drivers/STM32F4xx_HAL_Driver/Src/stm32f4xx_hal_rcc.c.obj
 .debug_aranges
                0x0000000000000478       0x78 CMakeFiles/STM32.elf.dir/Drivers/STM32F4xx_HAL_Driver/Src/stm32f4xx_hal_rcc_ex.c.obj
 .debug_aranges
                0x00000000000004f0      0x3a8 CMakeFiles/STM32.elf.dir/Drivers/STM32F4xx_HAL_Driver/Src/stm32f4xx_hal_tim.c.obj
 .debug_aranges
                0x0000000000000898      0x150 CMakeFiles/STM32.elf.dir/Drivers/STM32F4xx_HAL_Driver/Src/stm32f4xx_hal_tim_ex.c.obj
 .debug_aranges
                0x00000000000009e8      0x1d0 CMakeFiles/STM32.elf.dir/Drivers/STM32F4xx_HAL_Driver/Src/stm32f4xx_hal_uart.c.obj
 .debug_aranges
                0x0000000000000bb8       0x20 /usr/lib/gcc/arm-none-eabi/6.3.1/thumb/v7e-m/libgcc.a(_aeabi_uldivmod.o)
 .debug_aranges
                0x0000000000000bd8       0x20 /usr/lib/gcc/arm-none-eabi/6.3.1/thumb/v7e-m/libgcc.a(_udivmoddi4.o)
 .debug_aranges
                0x0000000000000bf8       0x20 /usr/lib/gcc/arm-none-eabi/6.3.1/thumb/v7e-m/libgcc.a(_dvmd_tls.o)
 .debug_aranges
                0x0000000000000c18       0x20 /usr/lib/gcc/arm-none-eabi/6.3.1/../../../arm-none-eabi/lib/thumb/v7e-m/libg.a(lib_a-atexit.o)
 .debug_aranges
                0x0000000000000c38       0x20 /usr/lib/gcc/arm-none-eabi/6.3.1/../../../arm-none-eabi/lib/thumb/v7e-m/libg.a(lib_a-fini.o)
 .debug_aranges
                0x0000000000000c58       0x18 /usr/lib/gcc/arm-none-eabi/6.3.1/../../../arm-none-eabi/lib/thumb/v7e-m/libg.a(lib_a-impure.o)
 .debug_aranges
                0x0000000000000c70       0x20 /usr/lib/gcc/arm-none-eabi/6.3.1/../../../arm-none-eabi/lib/thumb/v7e-m/libg.a(lib_a-init.o)
 .debug_aranges
                0x0000000000000c90       0x20 /usr/lib/gcc/arm-none-eabi/6.3.1/../../../arm-none-eabi/lib/thumb/v7e-m/libg.a(lib_a-memset.o)
 .debug_aranges
                0x0000000000000cb0       0x20 /usr/lib/gcc/arm-none-eabi/6.3.1/../../../arm-none-eabi/lib/thumb/v7e-m/libg.a(lib_a-__atexit.o)
 .debug_aranges
                0x0000000000000cd0       0x28 /usr/lib/gcc/arm-none-eabi/6.3.1/../../../arm-none-eabi/lib/thumb/v7e-m/libg.a(lib_a-__call_atexit.o)

.debug_ranges   0x0000000000000000      0xc48
 .debug_ranges  0x0000000000000000       0x10 CMakeFiles/STM32.elf.dir/Core/Src/gpio.c.obj
 .debug_ranges  0x0000000000000010       0x20 CMakeFiles/STM32.elf.dir/Core/Src/main.cpp.obj
 .debug_ranges  0x0000000000000030       0x10 CMakeFiles/STM32.elf.dir/Core/Src/stm32f4xx_hal_msp.c.obj
 .debug_ranges  0x0000000000000040       0x50 CMakeFiles/STM32.elf.dir/Core/Src/stm32f4xx_it.c.obj
 .debug_ranges  0x0000000000000090       0x18 CMakeFiles/STM32.elf.dir/Core/Src/system_stm32f4xx.c.obj
 .debug_ranges  0x00000000000000a8       0x40 CMakeFiles/STM32.elf.dir/Core/Src/tim.c.obj
 .debug_ranges  0x00000000000000e8       0x20 CMakeFiles/STM32.elf.dir/Core/Src/usart.c.obj
 .debug_ranges  0x0000000000000108       0x20 CMakeFiles/STM32.elf.dir/Core/Startup/startup_stm32f446retx.s.obj
 .debug_ranges  0x0000000000000128       0xe0 CMakeFiles/STM32.elf.dir/Drivers/STM32F4xx_HAL_Driver/Src/stm32f4xx_hal.c.obj
 .debug_ranges  0x0000000000000208       0xf8 CMakeFiles/STM32.elf.dir/Drivers/STM32F4xx_HAL_Driver/Src/stm32f4xx_hal_cortex.c.obj
 .debug_ranges  0x0000000000000300       0x48 CMakeFiles/STM32.elf.dir/Drivers/STM32F4xx_HAL_Driver/Src/stm32f4xx_hal_gpio.c.obj
 .debug_ranges  0x0000000000000348       0x50 CMakeFiles/STM32.elf.dir/Drivers/STM32F4xx_HAL_Driver/Src/stm32f4xx_hal_pwr_ex.c.obj
 .debug_ranges  0x0000000000000398       0x90 CMakeFiles/STM32.elf.dir/Drivers/STM32F4xx_HAL_Driver/Src/stm32f4xx_hal_rcc.c.obj
 .debug_ranges  0x0000000000000428       0x80 CMakeFiles/STM32.elf.dir/Drivers/STM32F4xx_HAL_Driver/Src/stm32f4xx_hal_rcc_ex.c.obj
 .debug_ranges  0x00000000000004a8      0x398 CMakeFiles/STM32.elf.dir/Drivers/STM32F4xx_HAL_Driver/Src/stm32f4xx_hal_tim.c.obj
 .debug_ranges  0x0000000000000840      0x140 CMakeFiles/STM32.elf.dir/Drivers/STM32F4xx_HAL_Driver/Src/stm32f4xx_hal_tim_ex.c.obj
 .debug_ranges  0x0000000000000980      0x1c0 CMakeFiles/STM32.elf.dir/Drivers/STM32F4xx_HAL_Driver/Src/stm32f4xx_hal_uart.c.obj
 .debug_ranges  0x0000000000000b40       0xd0 /usr/lib/gcc/arm-none-eabi/6.3.1/thumb/v7e-m/libgcc.a(_udivmoddi4.o)
 .debug_ranges  0x0000000000000c10       0x38 /usr/lib/gcc/arm-none-eabi/6.3.1/../../../arm-none-eabi/lib/thumb/v7e-m/libg.a(lib_a-__call_atexit.o)

.debug_line     0x0000000000000000     0x61fe
 .debug_line    0x0000000000000000      0x213 CMakeFiles/STM32.elf.dir/Core/Src/gpio.c.obj
 .debug_line    0x0000000000000213      0x362 CMakeFiles/STM32.elf.dir/Core/Src/main.cpp.obj
 .debug_line    0x0000000000000575      0x211 CMakeFiles/STM32.elf.dir/Core/Src/stm32f4xx_hal_msp.c.obj
 .debug_line    0x0000000000000786      0x25f CMakeFiles/STM32.elf.dir/Core/Src/stm32f4xx_it.c.obj
 .debug_line    0x00000000000009e5      0x21e CMakeFiles/STM32.elf.dir/Core/Src/system_stm32f4xx.c.obj
 .debug_line    0x0000000000000c03      0x374 CMakeFiles/STM32.elf.dir/Core/Src/tim.c.obj
 .debug_line    0x0000000000000f77      0x2c9 CMakeFiles/STM32.elf.dir/Core/Src/usart.c.obj
 .debug_line    0x0000000000001240       0xac CMakeFiles/STM32.elf.dir/Core/Startup/startup_stm32f446retx.s.obj
 .debug_line    0x00000000000012ec      0x430 CMakeFiles/STM32.elf.dir/Drivers/STM32F4xx_HAL_Driver/Src/stm32f4xx_hal.c.obj
 .debug_line    0x000000000000171c      0x45e CMakeFiles/STM32.elf.dir/Drivers/STM32F4xx_HAL_Driver/Src/stm32f4xx_hal_cortex.c.obj
 .debug_line    0x0000000000001b7a      0x3b7 CMakeFiles/STM32.elf.dir/Drivers/STM32F4xx_HAL_Driver/Src/stm32f4xx_hal_gpio.c.obj
 .debug_line    0x0000000000001f31      0x30d CMakeFiles/STM32.elf.dir/Drivers/STM32F4xx_HAL_Driver/Src/stm32f4xx_hal_pwr_ex.c.obj
 .debug_line    0x000000000000223e      0x4ea CMakeFiles/STM32.elf.dir/Drivers/STM32F4xx_HAL_Driver/Src/stm32f4xx_hal_rcc.c.obj
 .debug_line    0x0000000000002728      0x685 CMakeFiles/STM32.elf.dir/Drivers/STM32F4xx_HAL_Driver/Src/stm32f4xx_hal_rcc_ex.c.obj
 .debug_line    0x0000000000002dad     0x14ce CMakeFiles/STM32.elf.dir/Drivers/STM32F4xx_HAL_Driver/Src/stm32f4xx_hal_tim.c.obj
 .debug_line    0x000000000000427b      0x897 CMakeFiles/STM32.elf.dir/Drivers/STM32F4xx_HAL_Driver/Src/stm32f4xx_hal_tim_ex.c.obj
 .debug_line    0x0000000000004b12      0xbad CMakeFiles/STM32.elf.dir/Drivers/STM32F4xx_HAL_Driver/Src/stm32f4xx_hal_uart.c.obj
 .debug_line    0x00000000000056bf       0x61 /usr/lib/gcc/arm-none-eabi/6.3.1/thumb/v7e-m/libgcc.a(_aeabi_uldivmod.o)
 .debug_line    0x0000000000005720      0x240 /usr/lib/gcc/arm-none-eabi/6.3.1/thumb/v7e-m/libgcc.a(_udivmoddi4.o)
 .debug_line    0x0000000000005960       0x61 /usr/lib/gcc/arm-none-eabi/6.3.1/thumb/v7e-m/libgcc.a(_dvmd_tls.o)
 .debug_line    0x00000000000059c1      0x151 /usr/lib/gcc/arm-none-eabi/6.3.1/../../../arm-none-eabi/lib/thumb/v7e-m/libg.a(lib_a-atexit.o)
 .debug_line    0x0000000000005b12       0x9f /usr/lib/gcc/arm-none-eabi/6.3.1/../../../arm-none-eabi/lib/thumb/v7e-m/libg.a(lib_a-fini.o)
 .debug_line    0x0000000000005bb1       0xe9 /usr/lib/gcc/arm-none-eabi/6.3.1/../../../arm-none-eabi/lib/thumb/v7e-m/libg.a(lib_a-impure.o)
 .debug_line    0x0000000000005c9a       0xb8 /usr/lib/gcc/arm-none-eabi/6.3.1/../../../arm-none-eabi/lib/thumb/v7e-m/libg.a(lib_a-init.o)
 .debug_line    0x0000000000005d52      0x176 /usr/lib/gcc/arm-none-eabi/6.3.1/../../../arm-none-eabi/lib/thumb/v7e-m/libg.a(lib_a-memset.o)
 .debug_line    0x0000000000005ec8      0x184 /usr/lib/gcc/arm-none-eabi/6.3.1/../../../arm-none-eabi/lib/thumb/v7e-m/libg.a(lib_a-__atexit.o)
 .debug_line    0x000000000000604c      0x1b2 /usr/lib/gcc/arm-none-eabi/6.3.1/../../../arm-none-eabi/lib/thumb/v7e-m/libg.a(lib_a-__call_atexit.o)

.debug_str      0x0000000000000000     0x517e
 .debug_str     0x0000000000000000      0x3c3 CMakeFiles/STM32.elf.dir/Core/Src/gpio.c.obj
                                        0x450 (size before relaxing)
 .debug_str     0x00000000000003c3      0x90f CMakeFiles/STM32.elf.dir/Core/Src/main.cpp.obj
                                        0xd97 (size before relaxing)
 .debug_str     0x0000000000000cd2       0x70 CMakeFiles/STM32.elf.dir/Core/Src/stm32f4xx_hal_msp.c.obj
                                        0x3bc (size before relaxing)
 .debug_str     0x0000000000000d42       0xde CMakeFiles/STM32.elf.dir/Core/Src/stm32f4xx_it.c.obj
                                        0x302 (size before relaxing)
 .debug_str     0x0000000000000e20       0xd6 CMakeFiles/STM32.elf.dir/Core/Src/system_stm32f4xx.c.obj
                                        0x41b (size before relaxing)
 .debug_str     0x0000000000000ef6      0x316 CMakeFiles/STM32.elf.dir/Core/Src/tim.c.obj
                                        0xb75 (size before relaxing)
 .debug_str     0x000000000000120c       0x78 CMakeFiles/STM32.elf.dir/Core/Src/usart.c.obj
                                        0x8a9 (size before relaxing)
 .debug_str     0x0000000000001284      0x802 CMakeFiles/STM32.elf.dir/Drivers/STM32F4xx_HAL_Driver/Src/stm32f4xx_hal.c.obj
                                        0xbee (size before relaxing)
 .debug_str     0x0000000000001a86      0x47b CMakeFiles/STM32.elf.dir/Drivers/STM32F4xx_HAL_Driver/Src/stm32f4xx_hal_cortex.c.obj
                                        0xd08 (size before relaxing)
 .debug_str     0x0000000000001f01      0x13e CMakeFiles/STM32.elf.dir/Drivers/STM32F4xx_HAL_Driver/Src/stm32f4xx_hal_gpio.c.obj
                                        0x5b2 (size before relaxing)
 .debug_str     0x000000000000203f      0x165 CMakeFiles/STM32.elf.dir/Drivers/STM32F4xx_HAL_Driver/Src/stm32f4xx_hal_pwr_ex.c.obj
                                        0x59d (size before relaxing)
 .debug_str     0x00000000000021a4      0x1ba CMakeFiles/STM32.elf.dir/Drivers/STM32F4xx_HAL_Driver/Src/stm32f4xx_hal_rcc.c.obj
                                        0x795 (size before relaxing)
 .debug_str     0x000000000000235e      0x366 CMakeFiles/STM32.elf.dir/Drivers/STM32F4xx_HAL_Driver/Src/stm32f4xx_hal_rcc_ex.c.obj
                                        0x88d (size before relaxing)
 .debug_str     0x00000000000026c4      0xda0 CMakeFiles/STM32.elf.dir/Drivers/STM32F4xx_HAL_Driver/Src/stm32f4xx_hal_tim.c.obj
                                       0x156a (size before relaxing)
 .debug_str     0x0000000000003464      0x3ca CMakeFiles/STM32.elf.dir/Drivers/STM32F4xx_HAL_Driver/Src/stm32f4xx_hal_tim_ex.c.obj
                                        0xd82 (size before relaxing)
 .debug_str     0x000000000000382e      0x554 CMakeFiles/STM32.elf.dir/Drivers/STM32F4xx_HAL_Driver/Src/stm32f4xx_hal_uart.c.obj
                                        0xcce (size before relaxing)
 .debug_str     0x0000000000003d82      0xbd0 /usr/lib/gcc/arm-none-eabi/6.3.1/thumb/v7e-m/libgcc.a(_udivmoddi4.o)
                                        0xcbe (size before relaxing)
 .debug_str     0x0000000000004952      0x4e0 /usr/lib/gcc/arm-none-eabi/6.3.1/../../../arm-none-eabi/lib/thumb/v7e-m/libg.a(lib_a-atexit.o)
                                        0x5b2 (size before relaxing)
 .debug_str     0x0000000000004e32       0xc6 /usr/lib/gcc/arm-none-eabi/6.3.1/../../../arm-none-eabi/lib/thumb/v7e-m/libg.a(lib_a-fini.o)
                                        0x1cb (size before relaxing)
 .debug_str     0x0000000000004ef8       0x99 /usr/lib/gcc/arm-none-eabi/6.3.1/../../../arm-none-eabi/lib/thumb/v7e-m/libg.a(lib_a-impure.o)
                                        0x567 (size before relaxing)
 .debug_str     0x0000000000004f91       0x93 /usr/lib/gcc/arm-none-eabi/6.3.1/../../../arm-none-eabi/lib/thumb/v7e-m/libg.a(lib_a-init.o)
                                        0x1f5 (size before relaxing)
 .debug_str     0x0000000000005024       0xa3 /usr/lib/gcc/arm-none-eabi/6.3.1/../../../arm-none-eabi/lib/thumb/v7e-m/libg.a(lib_a-memset.o)
                                        0x57f (size before relaxing)
 .debug_str     0x00000000000050c7       0x41 /usr/lib/gcc/arm-none-eabi/6.3.1/../../../arm-none-eabi/lib/thumb/v7e-m/libg.a(lib_a-__atexit.o)
                                        0x5cc (size before relaxing)
 .debug_str     0x0000000000005108       0x76 /usr/lib/gcc/arm-none-eabi/6.3.1/../../../arm-none-eabi/lib/thumb/v7e-m/libg.a(lib_a-__call_atexit.o)
                                        0x5dd (size before relaxing)

.debug_frame    0x0000000000000000     0x1f4c
 .debug_frame   0x0000000000000000       0x34 CMakeFiles/STM32.elf.dir/Core/Src/gpio.c.obj
 .debug_frame   0x0000000000000034       0x58 CMakeFiles/STM32.elf.dir/Core/Src/main.cpp.obj
 .debug_frame   0x000000000000008c       0x2c CMakeFiles/STM32.elf.dir/Core/Src/stm32f4xx_hal_msp.c.obj
 .debug_frame   0x00000000000000b8       0xa8 CMakeFiles/STM32.elf.dir/Core/Src/stm32f4xx_it.c.obj
 .debug_frame   0x0000000000000160       0x30 CMakeFiles/STM32.elf.dir/Core/Src/system_stm32f4xx.c.obj
 .debug_frame   0x0000000000000190       0xd8 CMakeFiles/STM32.elf.dir/Core/Src/tim.c.obj
 .debug_frame   0x0000000000000268       0x60 CMakeFiles/STM32.elf.dir/Core/Src/usart.c.obj
 .debug_frame   0x00000000000002c8      0x1ec CMakeFiles/STM32.elf.dir/Drivers/STM32F4xx_HAL_Driver/Src/stm32f4xx_hal.c.obj
 .debug_frame   0x00000000000004b4      0x15c CMakeFiles/STM32.elf.dir/Drivers/STM32F4xx_HAL_Driver/Src/stm32f4xx_hal_cortex.c.obj
 .debug_frame   0x0000000000000610       0xd8 CMakeFiles/STM32.elf.dir/Drivers/STM32F4xx_HAL_Driver/Src/stm32f4xx_hal_gpio.c.obj
 .debug_frame   0x00000000000006e8       0xec CMakeFiles/STM32.elf.dir/Drivers/STM32F4xx_HAL_Driver/Src/stm32f4xx_hal_pwr_ex.c.obj
 .debug_frame   0x00000000000007d4      0x174 CMakeFiles/STM32.elf.dir/Drivers/STM32F4xx_HAL_Driver/Src/stm32f4xx_hal_rcc.c.obj
 .debug_frame   0x0000000000000948      0x144 CMakeFiles/STM32.elf.dir/Drivers/STM32F4xx_HAL_Driver/Src/stm32f4xx_hal_rcc_ex.c.obj
 .debug_frame   0x0000000000000a8c      0xa88 CMakeFiles/STM32.elf.dir/Drivers/STM32F4xx_HAL_Driver/Src/stm32f4xx_hal_tim.c.obj
 .debug_frame   0x0000000000001514      0x3b4 CMakeFiles/STM32.elf.dir/Drivers/STM32F4xx_HAL_Driver/Src/stm32f4xx_hal_tim_ex.c.obj
 .debug_frame   0x00000000000018c8      0x4ec CMakeFiles/STM32.elf.dir/Drivers/STM32F4xx_HAL_Driver/Src/stm32f4xx_hal_uart.c.obj
 .debug_frame   0x0000000000001db4       0x2c /usr/lib/gcc/arm-none-eabi/6.3.1/thumb/v7e-m/libgcc.a(_aeabi_uldivmod.o)
 .debug_frame   0x0000000000001de0       0x34 /usr/lib/gcc/arm-none-eabi/6.3.1/thumb/v7e-m/libgcc.a(_udivmoddi4.o)
 .debug_frame   0x0000000000001e14       0x20 /usr/lib/gcc/arm-none-eabi/6.3.1/../../../arm-none-eabi/lib/thumb/v7e-m/libg.a(lib_a-atexit.o)
 .debug_frame   0x0000000000001e34       0x34 /usr/lib/gcc/arm-none-eabi/6.3.1/../../../arm-none-eabi/lib/thumb/v7e-m/libg.a(lib_a-fini.o)
 .debug_frame   0x0000000000001e68       0x2c /usr/lib/gcc/arm-none-eabi/6.3.1/../../../arm-none-eabi/lib/thumb/v7e-m/libg.a(lib_a-init.o)
 .debug_frame   0x0000000000001e94       0x34 /usr/lib/gcc/arm-none-eabi/6.3.1/../../../arm-none-eabi/lib/thumb/v7e-m/libg.a(lib_a-memset.o)
 .debug_frame   0x0000000000001ec8       0x34 /usr/lib/gcc/arm-none-eabi/6.3.1/../../../arm-none-eabi/lib/thumb/v7e-m/libg.a(lib_a-__atexit.o)
 .debug_frame   0x0000000000001efc       0x50 /usr/lib/gcc/arm-none-eabi/6.3.1/../../../arm-none-eabi/lib/thumb/v7e-m/libg.a(lib_a-__call_atexit.o)

.debug_loc      0x0000000000000000     0x91e8
 .debug_loc     0x0000000000000000      0x13e CMakeFiles/STM32.elf.dir/Core/Src/system_stm32f4xx.c.obj
 .debug_loc     0x000000000000013e       0xae CMakeFiles/STM32.elf.dir/Core/Src/tim.c.obj
 .debug_loc     0x00000000000001ec       0x74 CMakeFiles/STM32.elf.dir/Core/Src/usart.c.obj
 .debug_loc     0x0000000000000260      0x10d CMakeFiles/STM32.elf.dir/Drivers/STM32F4xx_HAL_Driver/Src/stm32f4xx_hal.c.obj
 .debug_loc     0x000000000000036d      0x616 CMakeFiles/STM32.elf.dir/Drivers/STM32F4xx_HAL_Driver/Src/stm32f4xx_hal_cortex.c.obj
 .debug_loc     0x0000000000000983      0x435 CMakeFiles/STM32.elf.dir/Drivers/STM32F4xx_HAL_Driver/Src/stm32f4xx_hal_gpio.c.obj
 .debug_loc     0x0000000000000db8      0x13f CMakeFiles/STM32.elf.dir/Drivers/STM32F4xx_HAL_Driver/Src/stm32f4xx_hal_pwr_ex.c.obj
 .debug_loc     0x0000000000000ef7      0x404 CMakeFiles/STM32.elf.dir/Drivers/STM32F4xx_HAL_Driver/Src/stm32f4xx_hal_rcc.c.obj
 .debug_loc     0x00000000000012fb      0xb83 CMakeFiles/STM32.elf.dir/Drivers/STM32F4xx_HAL_Driver/Src/stm32f4xx_hal_rcc_ex.c.obj
 .debug_loc     0x0000000000001e7e     0x382f CMakeFiles/STM32.elf.dir/Drivers/STM32F4xx_HAL_Driver/Src/stm32f4xx_hal_tim.c.obj
 .debug_loc     0x00000000000056ad     0x11fc CMakeFiles/STM32.elf.dir/Drivers/STM32F4xx_HAL_Driver/Src/stm32f4xx_hal_tim_ex.c.obj
 .debug_loc     0x00000000000068a9     0x15a5 CMakeFiles/STM32.elf.dir/Drivers/STM32F4xx_HAL_Driver/Src/stm32f4xx_hal_uart.c.obj
 .debug_loc     0x0000000000007e4e      0xd77 /usr/lib/gcc/arm-none-eabi/6.3.1/thumb/v7e-m/libgcc.a(_udivmoddi4.o)
 .debug_loc     0x0000000000008bc5       0x2c /usr/lib/gcc/arm-none-eabi/6.3.1/../../../arm-none-eabi/lib/thumb/v7e-m/libg.a(lib_a-atexit.o)
 .debug_loc     0x0000000000008bf1       0x5c /usr/lib/gcc/arm-none-eabi/6.3.1/../../../arm-none-eabi/lib/thumb/v7e-m/libg.a(lib_a-fini.o)
 .debug_loc     0x0000000000008c4d       0xae /usr/lib/gcc/arm-none-eabi/6.3.1/../../../arm-none-eabi/lib/thumb/v7e-m/libg.a(lib_a-init.o)
 .debug_loc     0x0000000000008cfb      0x1bd /usr/lib/gcc/arm-none-eabi/6.3.1/../../../arm-none-eabi/lib/thumb/v7e-m/libg.a(lib_a-memset.o)
 .debug_loc     0x0000000000008eb8      0x197 /usr/lib/gcc/arm-none-eabi/6.3.1/../../../arm-none-eabi/lib/thumb/v7e-m/libg.a(lib_a-__atexit.o)
 .debug_loc     0x000000000000904f      0x199 /usr/lib/gcc/arm-none-eabi/6.3.1/../../../arm-none-eabi/lib/thumb/v7e-m/libg.a(lib_a-__call_atexit.o)
